# Integration stage (2026-10-04): CONFIG_ONLY runs, recursive resolved-config diffs (CPU, weights_only=False),
# and the launcher refusals. Scratch dirs results/zz_step3_cfg_{g1,e15500,g3} deleted afterwards.
# NEW FIELDS = fields the old pickle does not carry in its __dict__ (getattr would return the class default),
# listed with the new value and the class default.

########## 1. G1 regression: CONFIG_ONLY=1 EXPERIMENT=zz_step3_cfg_g1 bash data/scripts/run_expert_amp_ft.sh (rc 0)
=== G1 AMP fine-tune on release holds_repaired_ftC_posefix.release_v2.a2dda5d2ac -> results/zz_step3_cfg_g1
    warm start     : results/smpl_yogi_v2_expert56_a2dda5d2ac/epoch_15500.ckpt (+ optimisation state)
    experiment     : examples/experiments/mimic/mlp_goal_conditioned_amp.py
    robot / corpus : smpl_yogi_v2 | data/smpl/reference_curation/holds_repaired_ftC_posefix.release_v2.a2dda5d2ac/motions.pt
    terms          : support -0.3 (EMA 0.25 s), swing -0.3 (0.1 s), lean -0.3
    AMP            : w 0 until epoch 200, ramp to target by 500; target calibrated to style/task std ratio 0.25 (0 = fixed 0.1); disc batch 4096, GP 10.0
    curriculum     : mixture 0.8 uniform; support rule v2
    envs / batch   : 4096 / 16384; 5000 epochs; eval every 500 over 2250 steps
NEW results/zz_step3_cfg_g1/resolved_configs.pt
OLD results/smpl_yogi_v2_expert56_amp_ft_a2dda5d2ac/resolved_configs.pt
top-level keys: ['agent', 'env', 'motion_lib', 'robot', 'scene_lib', 'simulator', 'terrain'] | old: ['agent', 'env', 'motion_lib', 'robot', 'scene_lib', 'simulator', 'terrain']
robot: 0 value differences, 0 new fields, 0 old-only fields
simulator: 1 value differences, 0 new fields, 0 old-only fields
terrain: 0 value differences, 0 new fields, 0 old-only fields
scene_lib: 0 value differences, 0 new fields, 0 old-only fields
motion_lib: 0 value differences, 0 new fields, 0 old-only fields
env: 0 value differences, 1 new fields, 0 old-only fields
agent: 0 value differences, 2 new fields, 0 old-only fields

VALUE DIFFERENCES (1):
   simulator.experiment_name :: new 'zz_step3_cfg_g1' | old 'smpl_yogi_v2_expert56_amp_ft_a2dda5d2ac'

NEW FIELDS (not in the old pickle's __dict__; value | class default) (3):
   env.motion_manager.segment_end_prob = 0.0 | default 0.0 
   agent.evaluator.curriculum.motion_prior = 'none' | default 'none' 
   agent.freeze_obs_normalizers = False | default False 

OLD-ONLY FIELDS (0):

########## 2. e15500 regression: EXPERIMENT=zz_step3_cfg_e15500 EXTRA=--create-config-only bash data/scripts/run_expert_release_v2.sh (rc 0)
# (the launcher has no CONFIG_ONLY; EXTRA lands after '--overrides env.ref_respawn_offset=0.005', and argparse
#  ends that nargs='*' list at the next option, so the command is the launcher's own plus --create-config-only)
=== fresh expert on release holds_repaired_ftC_posefix.release_v2.a2dda5d2ac -> results/zz_step3_cfg_e15500
    robot / corpus : smpl_yogi_v2 | data/smpl/reference_curation/holds_repaired_ftC_posefix.release_v2.a2dda5d2ac/motions.pt
    graph / tables : data/smpl/reference_curation/holds_repaired_ftC_posefix.release_v2.a2dda5d2ac/contact_graph.pt | data/smpl/reference_curation/holds_repaired_ftC_posefix.release_v2.a2dda5d2ac/physics_tables.pt
    sidecar        : data/smpl/reference_curation/holds_repaired_ftC_posefix.release_v2.a2dda5d2ac/contact_targets.pt (weight-0 diagnostics; known-free support gate)
    terms          : support -0.3 (EMA 0.25 s), swing -0.3 (0.1 s), lean -0.3
    envs / batch   : 4096 / 16384; 30000 epochs; eval every 500 over 2250 steps
NEW results/zz_step3_cfg_e15500/resolved_configs.pt
OLD results/smpl_yogi_v2_expert56_a2dda5d2ac/resolved_configs.pt
top-level keys: ['agent', 'env', 'motion_lib', 'robot', 'scene_lib', 'simulator', 'terrain'] | old: ['agent', 'env', 'motion_lib', 'robot', 'scene_lib', 'simulator', 'terrain']
robot: 0 value differences, 0 new fields, 0 old-only fields
simulator: 1 value differences, 0 new fields, 0 old-only fields
terrain: 0 value differences, 0 new fields, 0 old-only fields
scene_lib: 0 value differences, 0 new fields, 0 old-only fields
motion_lib: 0 value differences, 0 new fields, 0 old-only fields
env: 0 value differences, 1 new fields, 0 old-only fields
agent: 0 value differences, 8 new fields, 0 old-only fields

VALUE DIFFERENCES (1):
   simulator.experiment_name :: new 'zz_step3_cfg_e15500' | old 'smpl_yogi_v2_expert56_a2dda5d2ac'

NEW FIELDS (not in the old pickle's __dict__; value | class default) (9):
   env.motion_manager.segment_end_prob = 0.0 | default 0.0 
   agent.evaluator.curriculum.support_rule = 'v1' | default 'v1' 
   agent.evaluator.curriculum.support_v2_load_frac_bw = 0.03 | default 0.03 
   agent.evaluator.curriculum.support_v2_min_share = 0.2 | default 0.2 
   agent.evaluator.curriculum.support_v2_down_m = 0.02 | default 0.02 
   agent.evaluator.curriculum.support_v2_realised_share = 0.9 | default 0.9 
   agent.evaluator.curriculum.support_v2_tracked_share = 0.9 | default 0.9 
   agent.evaluator.curriculum.motion_prior = 'none' | default 'none' 
   agent.freeze_obs_normalizers = False | default False 

OLD-ONLY FIELDS (0):

########## 3. G3 config: CONFIG_ONLY=1 RELEASE=holds_repaired_ftC_posefix.release_v2.a2dda5d2ac EXPERIMENT=zz_step3_cfg_g3 CHECKPOINT=results/smpl_yogi_v2_expert56_amp_ft_a2dda5d2ac/epoch_5000.ckpt bash data/scripts/run_expert_graph_ft.sh (rc 0)
=== G3 graph fine-tune, CONFIG_ONLY on release holds_repaired_ftC_posefix.release_v2.a2dda5d2ac -> results/zz_step3_cfg_g3
    release        : purpose n/a; 0 synthetic variants: n/a
    warm start     : results/smpl_yogi_v2_expert56_amp_ft_a2dda5d2ac/epoch_5000.ckpt (+ PPO and AMP optimisation state)
    experiment     : examples/experiments/mimic/mlp_goal_conditioned_amp.py
    robot / corpus : smpl_yogi_v2 | data/smpl/reference_curation/holds_repaired_ftC_posefix.release_v2.a2dda5d2ac/motions.pt (168 motions, 0 SYN_)
    terms          : support -0.3 (EMA 0.25 s), swing -0.3 (0.1 s), lean -0.3; ref_respawn_offset 0.005
    AMP            : w 0.5 from epoch 0 (full by 0); calibration ratio 0 (0 = off); disc batch 4096, GP 10.0
    lineage        : SYN_=0.5 -> 0 of 168 motions (WARNING: none)
    demonstrations : x0 clips without [Scorpion_pose_or_vrischikasana-b SYN_] -> 55 motions (before the length filter); SYN_ among them: 0
    sampling       : arrival 0.4, departure 0.2, pre-roll 0.5 s; mixture 0.8 uniform, motion prior package; support rule v2
    normalisers    : actor/critic frozen True (discriminator free)
    panel          : 10 plans (10 G1, 0 edge, 0 no-hijack; all resolve) -> --viz-num-sequences 12, every 500
    envs / batch   : 4096 / 16384; 6000 epochs; eval every 500 over 2250 steps (record: >= 1890); save every 500
    command        : python protomotions/train_agent.py --robot-name smpl_yogi_v2 --simulator isaaclab --experiment-path examples/experiments/mimic/mlp_goal_conditioned_amp.py --experiment-name zz_step3_cfg_g3 --checkpoint results/smpl_yogi_v2_expert56_amp_ft_a2dda5d2ac/epoch_5000.ckpt --warm-start-optimization-state --motion-file data/smpl/reference_curation/holds_repaired_ftC_posefix.release_v2.a2dda5d2ac/motions.pt --hold-graph-file data/smpl/reference_curation/holds_repaired_ftC_posefix.release_v2.a2dda5d2ac/contact_graph.pt --release-record data/reference_curation/releases/holds_repaired_ftC_posefix.release_v2.a2dda5d2ac.json --contact-targets data/smpl/reference_curation/holds_repaired_ftC_posefix.release_v2.a2dda5d2ac/contact_targets.pt --goal-bodies all --sense-body-pair-contacts True --segment-start-prob 0.4 --segment-end-prob 0.2 --segment-pre-roll-s 0.5 --motion-prior package --freeze-obs-normalizers True --critic-future-steps 1 5 10 15 --interval-schedule True --curriculum mixture --uniform-fraction 0.8 --hold-manifest data/smpl/reference_curation/holds_repaired_ftC_posefix.release_v2.a2dda5d2ac/holds_extended.yaml --support-rule v2 --eval-every 500 --eval-max-steps 2250 --save-every 500 --viz-sequences-every 500 --viz-num-sequences 12 --viz-max-seconds 24.0 --viz-log-scalars False --viz-plan-files data/smpl/reference_curation/holds_repaired_ftC_posefix.release_v2.a2dda5d2ac/plans/fork_Warrior_II_Pose_or_Virabhadrasana_II.json data/smpl/reference_curation/holds_repaired_ftC_posefix.release_v2.a2dda5d2ac/plans/fork_Tree_Pose_or_Vrksasana.json data/smpl/reference_curation/holds_repaired_ftC_posefix.release_v2.a2dda5d2ac/plans/fork_Crane_Crow_Pose_or_Bakasana.json data/smpl/reference_curation/holds_repaired_ftC_posefix.release_v2.a2dda5d2ac/plans/fork_Handstand_pose_or_Adho_Mukha_Vrksasana.json data/smpl/reference_curation/holds_repaired_ftC_posefix.release_v2.a2dda5d2ac/plans/fork_Feathered_Peacock_Pose_or_Pincha_Mayuras.json data/smpl/reference_curation/holds_repaired_ftC_posefix.release_v2.a2dda5d2ac/plans/fork_Supported_Headstand_pose_or_Salamba_Sirs.json data/smpl/reference_curation/holds_repaired_ftC_posefix.release_v2.a2dda5d2ac/plans/fork_Side_Plank_Pose_or_Vasisthasana.json data/smpl/reference_curation/holds_repaired_ftC_posefix.release_v2.a2dda5d2ac/plans/fork_Downward_Facing_Dog_pose_or_Adho_Mukha_S.json data/smpl/reference_curation/holds_repaired_ftC_posefix.release_v2.a2dda5d2ac/plans/dwell_Warrior_II_Pose_or_Virabhadrasana_II_3s.json data/smpl/reference_curation/holds_repaired_ftC_posefix.release_v2.a2dda5d2ac/plans/dwell_Warrior_II_Pose_or_Virabhadrasana_II_10s.json --support-penalty-weight -0.3 --support-clear-height 0.25 --support-load-ref-frac 0.1 --support-ema-tau 0.25 --physics-tables data/smpl/reference_curation/holds_repaired_ftC_posefix.release_v2.a2dda5d2ac/physics_tables.pt --swing-penalty-weight -0.3 --swing-ema-tau 0.1 --lean-penalty-weight -0.3 --lean-min-margin 0.03 --lean-scale 0.10 --drag-report-motions Plow_Pose_or_Halasana_-b Dolphin_Pose_or_Ardha_Pincha_Mayurasana_-a Upward_Plank_Pose_or_Purvottanasana_-a Bridge_Pose_or_Setu_Bandha_Sarvangasana_-a Low_Lunge_pose_or_Anjaneyasana_-a Peacock_Pose_or_Mayurasana_-a Plow_Pose_or_Halasana_-a Warrior_II_Pose_or_Virabhadrasana_II_-a --amp-reward-w 0.5 --amp-w-start-epoch 0 --amp-w-full-epoch 0 --amp-calibrate-style-ratio 0 --amp-disc-batch-size 4096 --amp-grad-penalty 10.0 --amp-lineage-weights SYN_=0.5 --amp-demo-exclude-motions Scorpion_pose_or_vrischikasana-b SYN_ --num-envs 4096 --batch-size 16384 --training-max-steps 786432000 --headless True --use-wandb --create-config-only --overrides env.ref_respawn_offset=0.005 

## G3 resolved config against G1's resolved_configs.pt
NEW results/zz_step3_cfg_g3/resolved_configs.pt
OLD results/smpl_yogi_v2_expert56_amp_ft_a2dda5d2ac/resolved_configs.pt
top-level keys: ['agent', 'env', 'motion_lib', 'robot', 'scene_lib', 'simulator', 'terrain'] | old: ['agent', 'env', 'motion_lib', 'robot', 'scene_lib', 'simulator', 'terrain']
robot: 0 value differences, 0 new fields, 0 old-only fields
simulator: 1 value differences, 0 new fields, 0 old-only fields
terrain: 0 value differences, 0 new fields, 0 old-only fields
scene_lib: 0 value differences, 0 new fields, 0 old-only fields
motion_lib: 0 value differences, 0 new fields, 0 old-only fields
env: 1 value differences, 1 new fields, 0 old-only fields
agent: 7 value differences, 2 new fields, 0 old-only fields

VALUE DIFFERENCES (9):
   simulator.experiment_name :: new 'zz_step3_cfg_g3' | old 'smpl_yogi_v2_expert56_amp_ft_a2dda5d2ac'
   env.motion_manager.segment_start_prob :: new 0.4 | old 0.6
   agent.training_max_steps :: new 786432000 | old 655360000
   agent.amp_reward_w_target :: new 0.5 | old 0.1
   agent.amp_reward_w_start_epoch :: new 0 | old 200
   agent.amp_reward_w_full_epoch :: new 0 | old 500
   agent.amp_calibrate_style_ratio :: new 0.0 | old 0.25
   agent.demo_exclude_motions :: len 2 != 1: new ['Scorpion_pose_or_vrischikasana-b', 'SYN_'] | old ['Scorpion_pose_or_vrischikasana-b']
   agent.amp_lineage_weights['SYN_'] :: new 0.5 | old <absent>

NEW FIELDS (not in the old pickle's __dict__; value | class default) (3):
   env.motion_manager.segment_end_prob = 0.2 | default 0.0   <-- NOT THE DEFAULT
   agent.evaluator.curriculum.motion_prior = 'package' | default 'none'   <-- NOT THE DEFAULT
   agent.freeze_obs_normalizers = True | default False   <-- NOT THE DEFAULT

OLD-ONLY FIELDS (0):

## G3 resolved values read for checklist item 4
simulator.num_envs = 4096
env.motion_manager.segment_start_prob = 0.4
env.motion_manager.segment_end_prob = 0.2
env.motion_manager.pre_roll_s = 0.5
env.motion_manager.segment_weighting = 'uniform'
env.ref_respawn_offset = 0.005
agent.batch_size = 16384
agent.save_epoch_checkpoint_every = 500
agent.evaluator.max_eval_steps = 2250
agent.evaluator.eval_metrics_every = 500
agent.evaluator.curriculum.support_rule = 'v2'
agent.evaluator.curriculum.motion_prior = 'package'
agent.sequence_viz.viz_every = 500
agent.sequence_viz.num_sequences = 12
agent.freeze_obs_normalizers = True
agent.amp_parameters.discriminator_reward_w = 0.0
agent.amp_parameters.discriminator_batch_size = 4096
agent.amp_parameters.discriminator_grad_penalty = 10.0
agent.amp_reward_w_target = 0.5
agent.amp_reward_w_start_epoch = 0
agent.amp_reward_w_full_epoch = 0
agent.amp_calibrate_style_ratio = 0.0
agent.amp_reward_w_min = 0.05
agent.amp_reward_w_max = 0.5
agent.demo_exclude_regex = '_x\\d+s$'
agent.demo_exclude_motions = ['Scorpion_pose_or_vrischikasana-b', 'SYN_']
agent.amp_lineage_weights = {'SYN_': 0.5}
1783:    unwanted_support_rew:
1787-      weight: '-0.3'
1799:    swing_penalty_rew:
1803-      weight: '-0.3'
1805:    lean_penalty_rew:
1809-      weight: '-0.3'

## the smoke's resolved config against this one (smoke-only differences)
VALUE DIFFERENCES (11):
   simulator.num_envs :: new 256 | old 4096
   simulator.experiment_name :: new 'zz_step3_smoke_smoke' | old 'zz_step3_cfg_g3'
   agent.batch_size :: new 1024 | old 16384
   agent.training_max_steps :: new 81920 | old 786432000
   agent.save_epoch_checkpoint_every :: new 2 | old 500
   agent.evaluator.max_eval_steps :: new 150 | old 2250
   agent.evaluator.eval_metrics_every :: new 2 | old 500
   agent.sequence_viz :: new None | old SequenceVizConfig(viz_every=500, num_sequences=12, plan_files=['data/smpl/reference_curation/holds_repaired_ftC_posefix.release_v2.a2dda5d2ac/plans/fork_Warrior
   agent.amp_parameters.discriminator_batch_size :: new 1024 | old 4096
   agent.amp_lineage_weights['Crane_Crow'] :: new 0.5 | old <absent>
   agent.amp_lineage_weights['SYN_'] :: new <absent> | old 0.5

NEW FIELDS (not in the old pickle's __dict__; value | class default) (0):

OLD-ONLY FIELDS (0):

########## 4. Launcher refusals (no GPU; PY=false so a refusal that did not fire could not launch anything)
## 1. EXPERIMENT unset (real mode, PY=false)
run_expert_graph_ft.sh: EXPERIMENT is required (a new name under results/); there is no default
rc=1
## 2. RELEASE unset
run_expert_graph_ft.sh: RELEASE is required (e.g. holds_repaired_ftC_posefix.release_v3.<id>); there is no default
rc=1
## 3. CHECKPOINT unset
run_expert_graph_ft.sh: CHECKPOINT is required (G3: results/smpl_yogi_v2_expert56_amp_ft_a2dda5d2ac/epoch_5000.ckpt); there is no default
rc=1
## 4. existing results/zz_step3_refuse/last.ckpt (empty dummy), no RESUME (real mode, PY=false)
run_expert_graph_ft.sh: results/zz_step3_refuse/last.ckpt exists: train_agent would RESUME that run and ignore every flag and library change. Pick a new EXPERIMENT (a warm start), pass RESUME=1 to continue it, or move the directory away.
rc=1
## 4b. the same with DRY_RUN=1 and the real interpreter
run_expert_graph_ft.sh: results/zz_step3_refuse/last.ckpt exists: train_agent would RESUME that run and ignore every flag and library change. Pick a new EXPERIMENT (a warm start), pass RESUME=1 to continue it, or move the directory away.
rc=1
## 4c. the same with RESUME=1 + DRY_RUN=1 (dummy dir has no config.yaml -> refused by the RESUME guard, not the last.ckpt guard)
run_expert_graph_ft.sh: RESUME=1 but results/zz_step3_refuse/config.yaml does not exist
rc=1
dummy dir removed: yes
